// Jest Snapshot v1, https://goo.gl/fbAQLP

exports[`Home page should matches with snapshot 1`] = `
<div
  class="ph1 ph4-m ph5-ns pb5"
>
  <div
    class="sc-dkPtRN cvQQkn"
  >
    <header
      class="sc-bdvvtL iLlYLe"
    >
      <p
        class="sc-gsDKAQ iXOquM"
      >
        <svg
          fill="currentColor"
          height="1em"
          stroke="currentColor"
          stroke-width="0"
          viewBox="0 0 24 24"
          width="1em"
          xmlns="http://www.w3.org/2000/svg"
        >
          <path
            d="M4.99787498,8.99999999 L4.99787498,0.999999992 L19.4999998,0.999999992 L22.9999998,4.50000005 L23,23 L16,23 M18,1 L18,6 L23,6 M8,11 C6.34325,11 5,12.34325 5,14 C5,15.65675 6.34325,17 8,17 C9.65675,17 11,15.65675 11,14 C11,12.34325 9.65675,11 8,11 L8,11 Z M3,23 L3,22 C3,18 6,17 8,17 C10,17 13,18 13,22 L13,23 L3,23 Z"
            fill="none"
            stroke="#000"
            stroke-width="2"
          />
        </svg>
         Reset User Context
      </p>
    </header>
    <div
      class="sc-hKwDye gvgSqz"
    >
      <form>
        <bds-input-phone-number
          label="Numero de telefone"
          value="+55"
        />
        <button
          type="submit"
        >
          <svg
            color="white"
            fill="currentColor"
            height="1em"
            stroke="currentColor"
            stroke-width="0"
            style="color: white;"
            viewBox="0 0 16 16"
            width="1em"
            xmlns="http://www.w3.org/2000/svg"
          >
            <path
              d="M2.5 1a1 1 0 0 0-1 1v1a1 1 0 0 0 1 1H3v9a2 2 0 0 0 2 2h6a2 2 0 0 0 2-2V4h.5a1 1 0 0 0 1-1V2a1 1 0 0 0-1-1H10a1 1 0 0 0-1-1H7a1 1 0 0 0-1 1H2.5zm3 4a.5.5 0 0 1 .5.5v7a.5.5 0 0 1-1 0v-7a.5.5 0 0 1 .5-.5zM8 5a.5.5 0 0 1 .5.5v7a.5.5 0 0 1-1 0v-7A.5.5 0 0 1 8 5zm3 .5v7a.5.5 0 0 1-1 0v-7a.5.5 0 0 1 1 0z"
            />
          </svg>
          Resetar
        </button>
      </form>
    </div>
  </div>
</div>
`;
